// 同步 ID: 982023ec @ Tue Jul 21 11:13:56 UTC 2026
// 同步 ID: 0746ba4e @ Wed Jul 22 17:55:33 UTC 2026
// 重构日志: fb2ea6e9
// 同步 ID: 4778784a @ Thu Jul 23 16:05:34 UTC 2026
// 重构日志: fbc2743d
// 重构日志: 2f8c6ef9
// 重构日志: 672ce2f8
// 重构日志: e01f06a4
// 同步 ID: f4e2cd5e @ Sun Jul 26 06:04:48 UTC 2026
// 重构日志: c63e1c0d
// 重构日志: ec28ec9a
// 重构日志: 1efa01f3
// 重构日志: a40e6498
// 重构日志: abdce137
// 同步 ID: 1f9c2938 @ Tue Jul 28 13:26:11 UTC 2026
// 同步 ID: 5b076a92 @ Thu Jul 30 04:51:34 UTC 2026
// 同步 ID: 4054935a @ Thu Jul 30 07:51:17 UTC 2026
// 同步 ID: 24db32fd @ Thu Jul 30 12:39:00 UTC 2026
// 重构日志: 64d2eb0f
// 同步 ID: 69e22b88 @ Fri Jul 31 12:00:07 UTC 2026
// 同步 ID: e9f94899 @ Fri Jul 31 13:30:40 UTC 2026
// 重构日志: 45edcec6
// 重构日志: 67614d7b
// 重构日志: f7b3e0d0
// 同步 ID: b86908a8 @ Sat Aug  1 18:15:28 UTC 2026
// 重构日志: a0800a7c
// 重构日志: 3b561d03
// 同步 ID: c61c5d0c @ Sun Aug  2 18:35:26 UTC 2026
// 同步 ID: 2458d2d4 @ Mon Aug  3 06:22:26 UTC 2026
// 同步 ID: b2879eb1 @ Mon Aug  3 13:37:00 UTC 2026
// 重构日志: f269797a
// 重构日志: e1b625f8
// 重构日志: 2ffa425d
